# name: test_parse_samples_from_fulltext_doc
  list([
    FrameClassificationSample(task=FrameClassificationTask(text='March 17 , 2000', trigger_loc=0), frame='Calendric_unit'),
    ArgumentsExtractionSample(task=ArgumentsExtractionTask(text='March 17 , 2000', trigger_loc=0, frame='Calendric_unit'), frame_element_locs=[(0, 5, 'Unit')]),
    TriggerIdentificationSample(task=TriggerIdentificationTask(text='March 17 , 2000'), trigger_locs=[0]),
    FrameClassificationSample(task=FrameClassificationTask(text='When Jerry was released from prison , he knew it would take hard work and determination to straighten out his life .', trigger_loc=0), frame='Temporal_collocation'),
    ArgumentsExtractionSample(task=ArgumentsExtractionTask(text='When Jerry was released from prison , he knew it would take hard work and determination to straighten out his life .', trigger_loc=0, frame='Temporal_collocation'), frame_element_locs=[(5, 35, 'Landmark_event'), (38, 114, 'Trajector_event')]),
    FrameClassificationSample(task=FrameClassificationTask(text='When Jerry was released from prison , he knew it would take hard work and determination to straighten out his life .', trigger_loc=15), frame='Releasing'),
    ArgumentsExtractionSample(task=ArgumentsExtractionTask(text='When Jerry was released from prison , he knew it would take hard work and determination to straighten out his life .', trigger_loc=15, frame='Releasing'), frame_element_locs=[(5, 10, 'Theme'), (24, 35, 'Location_of_confinement')]),
    FrameClassificationSample(task=FrameClassificationTask(text='When Jerry was released from prison , he knew it would take hard work and determination to straighten out his life .', trigger_loc=29), frame='Prison'),
    ArgumentsExtractionSample(task=ArgumentsExtractionTask(text='When Jerry was released from prison , he knew it would take hard work and determination to straighten out his life .', trigger_loc=29, frame='Prison'), frame_element_locs=[(29, 35, 'Penal_institution')]),
    FrameClassificationSample(task=FrameClassificationTask(text='When Jerry was released from prison , he knew it would take hard work and determination to straighten out his life .', trigger_loc=41), frame='Awareness'),
    ArgumentsExtractionSample(task=ArgumentsExtractionTask(text='When Jerry was released from prison , he knew it would take hard work and determination to straighten out his life .', trigger_loc=41, frame='Awareness'), frame_element_locs=[(38, 40, 'Cognizer'), (46, 114, 'Content')]),
    FrameClassificationSample(task=FrameClassificationTask(text='When Jerry was released from prison , he knew it would take hard work and determination to straighten out his life .', trigger_loc=55), frame='Have_as_requirement'),
    ArgumentsExtractionSample(task=ArgumentsExtractionTask(text='When Jerry was released from prison , he knew it would take hard work and determination to straighten out his life .', trigger_loc=55, frame='Have_as_requirement'), frame_element_locs=[(60, 87, 'Requirement'), (88, 114, 'Dependent')]),
    FrameClassificationSample(task=FrameClassificationTask(text='When Jerry was released from prison , he knew it would take hard work and determination to straighten out his life .', trigger_loc=60), frame='Difficulty'),
    ArgumentsExtractionSample(task=ArgumentsExtractionTask(text='When Jerry was released from prison , he knew it would take hard work and determination to straighten out his life .', trigger_loc=60, frame='Difficulty'), frame_element_locs=[(65, 69, 'Activity')]),
    FrameClassificationSample(task=FrameClassificationTask(text='When Jerry was released from prison , he knew it would take hard work and determination to straighten out his life .', trigger_loc=65), frame='Work'),
    ArgumentsExtractionSample(task=ArgumentsExtractionTask(text='When Jerry was released from prison , he knew it would take hard work and determination to straighten out his life .', trigger_loc=65, frame='Work'), frame_element_locs=[]),
    TriggerIdentificationSample(task=TriggerIdentificationTask(text='When Jerry was released from prison , he knew it would take hard work and determination to straighten out his life .'), trigger_locs=[0, 15, 29, 41, 55, 60, 65]),
    FrameClassificationSample(task=FrameClassificationTask(text="He knew he had made a bad mistake , but despite his commitment to rebuilding his life , he just did n't count on the obstacles that would be thrown up in his path .", trigger_loc=3), frame='Awareness'),
    ArgumentsExtractionSample(task=ArgumentsExtractionTask(text="He knew he had made a bad mistake , but despite his commitment to rebuilding his life , he just did n't count on the obstacles that would be thrown up in his path .", trigger_loc=3, frame='Awareness'), frame_element_locs=[(0, 2, 'Cognizer'), (8, 33, 'Content')]),
    FrameClassificationSample(task=FrameClassificationTask(text="He knew he had made a bad mistake , but despite his commitment to rebuilding his life , he just did n't count on the obstacles that would be thrown up in his path .", trigger_loc=15), frame='Intentionally_create'),
    ArgumentsExtractionSample(task=ArgumentsExtractionTask(text="He knew he had made a bad mistake , but despite his commitment to rebuilding his life , he just did n't count on the obstacles that would be thrown up in his path .", trigger_loc=15, frame='Intentionally_create'), frame_element_locs=[(8, 10, 'Creator'), (20, 33, 'Created_entity')]),
    FrameClassificationSample(task=FrameClassificationTask(text="He knew he had made a bad mistake , but despite his commitment to rebuilding his life , he just did n't count on the obstacles that would be thrown up in his path .", trigger_loc=22), frame='Desirability'),
    ArgumentsExtractionSample(task=ArgumentsExtractionTask(text="He knew he had made a bad mistake , but despite his commitment to rebuilding his life , he just did n't count on the obstacles that would be thrown up in his path .", trigger_loc=22, frame='Desirability'), frame_element_locs=[(26, 33, 'Evaluee')]),
    FrameClassificationSample(task=FrameClassificationTask(text="He knew he had made a bad mistake , but despite his commitment to rebuilding his life , he just did n't count on the obstacles that would be thrown up in his path .", trigger_loc=52), frame='Commitment'),
    ArgumentsExtractionSample(task=ArgumentsExtractionTask(text="He knew he had made a bad mistake , but despite his commitment to rebuilding his life , he just did n't count on the obstacles that would be thrown up in his path .", trigger_loc=52, frame='Commitment'), frame_element_locs=[(48, 51, 'Speaker'), (63, 85, 'Message')]),
    FrameClassificationSample(task=FrameClassificationTask(text="He knew he had made a bad mistake , but despite his commitment to rebuilding his life , he just did n't count on the obstacles that would be thrown up in his path .", trigger_loc=104), frame='Reliance_on_expectation'),
    ArgumentsExtractionSample(task=ArgumentsExtractionTask(text="He knew he had made a bad mistake , but despite his commitment to rebuilding his life , he just did n't count on the obstacles that would be thrown up in his path .", trigger_loc=104, frame='Reliance_on_expectation'), frame_element_locs=[(88, 90, 'Cognizer'), (110, 162, 'Expectation')]),
    FrameClassificationSample(task=FrameClassificationTask(text="He knew he had made a bad mistake , but despite his commitment to rebuilding his life , he just did n't count on the obstacles that would be thrown up in his path .", trigger_loc=141), frame='Cause_motion'),
    ArgumentsExtractionSample(task=ArgumentsExtractionTask(text="He knew he had made a bad mistake , but despite his commitment to rebuilding his life , he just did n't count on the obstacles that would be thrown up in his path .", trigger_loc=141, frame='Cause_motion'), frame_element_locs=[(113, 126, 'Theme'), (127, 131, 'Theme'), (151, 162, 'Area')]),
    FrameClassificationSample(task=FrameClassificationTask(text="He knew he had made a bad mistake , but despite his commitment to rebuilding his life , he just did n't count on the obstacles that would be thrown up in his path .", trigger_loc=158), frame='Path_traveled'),
    ArgumentsExtractionSample(task=ArgumentsExtractionTask(text="He knew he had made a bad mistake , but despite his commitment to rebuilding his life , he just did n't count on the obstacles that would be thrown up in his path .", trigger_loc=158, frame='Path_traveled'), frame_element_locs=[(154, 157, 'Theme'), (158, 162, 'Path')]),
    FrameClassificationSample(task=FrameClassificationTask(text="He knew he had made a bad mistake , but despite his commitment to rebuilding his life , he just did n't count on the obstacles that would be thrown up in his path .", trigger_loc=151), frame='Interior_profile_relation'),
    ArgumentsExtractionSample(task=ArgumentsExtractionTask(text="He knew he had made a bad mistake , but despite his commitment to rebuilding his life , he just did n't count on the obstacles that would be thrown up in his path .", trigger_loc=151, frame='Interior_profile_relation'), frame_element_locs=[(113, 126, 'Figure'), (127, 150, 'Figure'), (154, 162, 'Ground')]),
    TriggerIdentificationSample(task=TriggerIdentificationTask(text="He knew he had made a bad mistake , but despite his commitment to rebuilding his life , he just did n't count on the obstacles that would be thrown up in his path ."), trigger_locs=[3, 15, 22, 52, 104, 141, 158, 151]),
    FrameClassificationSample(task=FrameClassificationTask(text='Reality hit when he was unable to reconcile with his wife and ended up on the street .', trigger_loc=8), frame='Impact'),
    ArgumentsExtractionSample(task=ArgumentsExtractionTask(text='Reality hit when he was unable to reconcile with his wife and ended up on the street .', trigger_loc=8, frame='Impact'), frame_element_locs=[(0, 7, 'Impactor')]),
    FrameClassificationSample(task=FrameClassificationTask(text='Reality hit when he was unable to reconcile with his wife and ended up on the street .', trigger_loc=12), frame='Temporal_collocation'),
    ArgumentsExtractionSample(task=ArgumentsExtractionTask(text='Reality hit when he was unable to reconcile with his wife and ended up on the street .', trigger_loc=12, frame='Temporal_collocation'), frame_element_locs=[(0, 11, 'Trajector_event'), (17, 84, 'Landmark_event')]),
    FrameClassificationSample(task=FrameClassificationTask(text='Reality hit when he was unable to reconcile with his wife and ended up on the street .', trigger_loc=24), frame='Capability'),
    ArgumentsExtractionSample(task=ArgumentsExtractionTask(text='Reality hit when he was unable to reconcile with his wife and ended up on the street .', trigger_loc=24, frame='Capability'), frame_element_locs=[(17, 19, 'Entity'), (31, 57, 'Event')]),
    FrameClassificationSample(task=FrameClassificationTask(text='Reality hit when he was unable to reconcile with his wife and ended up on the street .', trigger_loc=53), frame='Personal_relationship'),
    ArgumentsExtractionSample(task=ArgumentsExtractionTask(text='Reality hit when he was unable to reconcile with his wife and ended up on the street .', trigger_loc=53, frame='Personal_relationship'), frame_element_locs=[(49, 52, 'Partner_1'), (53, 57, 'Partner_2')]),
    FrameClassificationSample(task=FrameClassificationTask(text='Reality hit when he was unable to reconcile with his wife and ended up on the street .', trigger_loc=62), frame='Transition_to_state'),
    ArgumentsExtractionSample(task=ArgumentsExtractionTask(text='Reality hit when he was unable to reconcile with his wife and ended up on the street .', trigger_loc=62, frame='Transition_to_state'), frame_element_locs=[(17, 19, 'Entity'), (71, 84, 'Final_situation')]),
    FrameClassificationSample(task=FrameClassificationTask(text='Reality hit when he was unable to reconcile with his wife and ended up on the street .', trigger_loc=68), frame='Transition_to_state'),
    ArgumentsExtractionSample(task=ArgumentsExtractionTask(text='Reality hit when he was unable to reconcile with his wife and ended up on the street .', trigger_loc=68, frame='Transition_to_state'), frame_element_locs=[(17, 19, 'Entity'), (71, 84, 'Final_situation')]),
    FrameClassificationSample(task=FrameClassificationTask(text='Reality hit when he was unable to reconcile with his wife and ended up on the street .', trigger_loc=78), frame='Roadways'),
    ArgumentsExtractionSample(task=ArgumentsExtractionTask(text='Reality hit when he was unable to reconcile with his wife and ended up on the street .', trigger_loc=78, frame='Roadways'), frame_element_locs=[(78, 84, 'Roadway')]),
    TriggerIdentificationSample(task=TriggerIdentificationTask(text='Reality hit when he was unable to reconcile with his wife and ended up on the street .'), trigger_locs=[8, 12, 24, 53, 62, 68, 78]),
    FrameClassificationSample(task=FrameClassificationTask(text='He went to the Center Township Trustee for food stamps until he could find a job and a place to live .', trigger_loc=3), frame='Motion'),
    ArgumentsExtractionSample(task=ArgumentsExtractionTask(text='He went to the Center Township Trustee for food stamps until he could find a job and a place to live .', trigger_loc=3, frame='Motion'), frame_element_locs=[(0, 2, 'Theme'), (8, 38, 'Goal'), (39, 54, 'Purpose'), (55, 100, 'Duration')]),
    FrameClassificationSample(task=FrameClassificationTask(text='He went to the Center Township Trustee for food stamps until he could find a job and a place to live .', trigger_loc=55), frame='Time_vector'),
    ArgumentsExtractionSample(task=ArgumentsExtractionTask(text='He went to the Center Township Trustee for food stamps until he could find a job and a place to live .', trigger_loc=55, frame='Time_vector'), frame_element_locs=[(0, 54, 'Event'), (61, 100, 'Landmark_event')]),
    FrameClassificationSample(task=FrameClassificationTask(text='He went to the Center Township Trustee for food stamps until he could find a job and a place to live .', trigger_loc=70), frame='Locating'),
    ArgumentsExtractionSample(task=ArgumentsExtractionTask(text='He went to the Center Township Trustee for food stamps until he could find a job and a place to live .', trigger_loc=70, frame='Locating'), frame_element_locs=[(61, 63, 'Perceiver'), (75, 100, 'Sought_entity')]),
    FrameClassificationSample(task=FrameClassificationTask(text='He went to the Center Township Trustee for food stamps until he could find a job and a place to live .', trigger_loc=77), frame='Being_employed'),
    ArgumentsExtractionSample(task=ArgumentsExtractionTask(text='He went to the Center Township Trustee for food stamps until he could find a job and a place to live .', trigger_loc=77, frame='Being_employed'), frame_element_locs=[(61, 63, 'Employee')]),
    FrameClassificationSample(task=FrameClassificationTask(text='He went to the Center Township Trustee for food stamps until he could find a job and a place to live .', trigger_loc=87), frame='Locale'),
    ArgumentsExtractionSample(task=ArgumentsExtractionTask(text='He went to the Center Township Trustee for food stamps until he could find a job and a place to live .', trigger_loc=87, frame='Locale'), frame_element_locs=[(87, 92, 'Locale')]),
    FrameClassificationSample(task=FrameClassificationTask(text='He went to the Center Township Trustee for food stamps until he could find a job and a place to live .', trigger_loc=96), frame='Residence'),
    ArgumentsExtractionSample(task=ArgumentsExtractionTask(text='He went to the Center Township Trustee for food stamps until he could find a job and a place to live .', trigger_loc=96, frame='Residence'), frame_element_locs=[(85, 92, 'Location')]),
    FrameClassificationSample(task=FrameClassificationTask(text='He went to the Center Township Trustee for food stamps until he could find a job and a place to live .', trigger_loc=64), frame='Possibility'),
    ArgumentsExtractionSample(task=ArgumentsExtractionTask(text='He went to the Center Township Trustee for food stamps until he could find a job and a place to live .', trigger_loc=64, frame='Possibility'), frame_element_locs=[(61, 63, 'Possible_event'), (70, 100, 'Possible_event')]),
    TriggerIdentificationSample(task=TriggerIdentificationTask(text='He went to the Center Township Trustee for food stamps until he could find a job and a place to live .'), trigger_locs=[3, 55, 70, 77, 87, 96, 64]),
    FrameClassificationSample(task=FrameClassificationTask(text="The Trustee referred him to the Blue Triangle where he consulted Goodwill 's Career Academy staff for job search assistance .", trigger_loc=46), frame='Locative_relation'),
    ArgumentsExtractionSample(task=ArgumentsExtractionTask(text="The Trustee referred him to the Blue Triangle where he consulted Goodwill 's Career Academy staff for job search assistance .", trigger_loc=46, frame='Locative_relation'), frame_element_locs=[(28, 45, 'Ground'), (52, 123, 'Figure')]),
    FrameClassificationSample(task=FrameClassificationTask(text="The Trustee referred him to the Blue Triangle where he consulted Goodwill 's Career Academy staff for job search assistance .", trigger_loc=92), frame='Employing'),
    ArgumentsExtractionSample(task=ArgumentsExtractionTask(text="The Trustee referred him to the Blue Triangle where he consulted Goodwill 's Career Academy staff for job search assistance .", trigger_loc=92, frame='Employing'), frame_element_locs=[(65, 91, 'Employer'), (92, 97, 'Employee')]),
    FrameClassificationSample(task=FrameClassificationTask(text="The Trustee referred him to the Blue Triangle where he consulted Goodwill 's Career Academy staff for job search assistance .", trigger_loc=102), frame='Being_employed'),
    ArgumentsExtractionSample(task=ArgumentsExtractionTask(text="The Trustee referred him to the Blue Triangle where he consulted Goodwill 's Career Academy staff for job search assistance .", trigger_loc=102, frame='Being_employed'), frame_element_locs=[]),
    FrameClassificationSample(task=FrameClassificationTask(text="The Trustee referred him to the Blue Triangle where he consulted Goodwill 's Career Academy staff for job search assistance .", trigger_loc=113), frame='Assistance'),
    ArgumentsExtractionSample(task=ArgumentsExtractionTask(text="The Trustee referred him to the Blue Triangle where he consulted Goodwill 's Career Academy staff for job search assistance .", trigger_loc=113, frame='Assistance'), frame_element_locs=[(102, 112, 'Goal')]),
    TriggerIdentificationSample(task=TriggerIdentificationTask(text="The Trustee referred him to the Blue Triangle where he consulted Goodwill 's Career Academy staff for job search assistance ."), trigger_locs=[46, 92, 102, 113]),
    FrameClassificationSample(task=FrameClassificationTask(text="Jerry 's Goodwill caseworker found him a job immediately .", trigger_loc=41), frame='Being_employed'),
    ArgumentsExtractionSample(task=ArgumentsExtractionTask(text="Jerry 's Goodwill caseworker found him a job immediately .", trigger_loc=41, frame='Being_employed'), frame_element_locs=[]),
    TriggerIdentificationSample(task=TriggerIdentificationTask(text="Jerry 's Goodwill caseworker found him a job immediately ."), trigger_locs=[41]),
    FrameClassificationSample(task=FrameClassificationTask(text="But Jerry 's troubles did n't end there .", trigger_loc=13), frame='Predicament'),
    ArgumentsExtractionSample(task=ArgumentsExtractionTask(text="But Jerry 's troubles did n't end there .", trigger_loc=13, frame='Predicament'), frame_element_locs=[(4, 12, 'Experiencer'), (13, 21, 'Situation')]),
    FrameClassificationSample(task=FrameClassificationTask(text="But Jerry 's troubles did n't end there .", trigger_loc=30), frame='Process_end'),
    ArgumentsExtractionSample(task=ArgumentsExtractionTask(text="But Jerry 's troubles did n't end there .", trigger_loc=30, frame='Process_end'), frame_element_locs=[(4, 21, 'Process'), (34, 39, 'Place')]),
    TriggerIdentificationSample(task=TriggerIdentificationTask(text="But Jerry 's troubles did n't end there ."), trigger_locs=[13, 30]),
    FrameClassificationSample(task=FrameClassificationTask(text='The seasonal construction job he obtained soon ended , and he returned to Career Academy for help once more .', trigger_loc=13), frame='Building'),
    ArgumentsExtractionSample(task=ArgumentsExtractionTask(text='The seasonal construction job he obtained soon ended , and he returned to Career Academy for help once more .', trigger_loc=13, frame='Building'), frame_element_locs=[]),
    FrameClassificationSample(task=FrameClassificationTask(text='The seasonal construction job he obtained soon ended , and he returned to Career Academy for help once more .', trigger_loc=26), frame='Being_employed'),
    ArgumentsExtractionSample(task=ArgumentsExtractionTask(text='The seasonal construction job he obtained soon ended , and he returned to Career Academy for help once more .', trigger_loc=26, frame='Being_employed'), frame_element_locs=[(13, 25, 'Field')]),
    FrameClassificationSample(task=FrameClassificationTask(text='The seasonal construction job he obtained soon ended , and he returned to Career Academy for help once more .', trigger_loc=33), frame='Getting'),
    ArgumentsExtractionSample(task=ArgumentsExtractionTask(text='The seasonal construction job he obtained soon ended , and he returned to Career Academy for help once more .', trigger_loc=33, frame='Getting'), frame_element_locs=[(0, 29, 'Theme'), (30, 32, 'Recipient')]),
    FrameClassificationSample(task=FrameClassificationTask(text='The seasonal construction job he obtained soon ended , and he returned to Career Academy for help once more .', trigger_loc=47), frame='Process_end'),
    ArgumentsExtractionSample(task=ArgumentsExtractionTask(text='The seasonal construction job he obtained soon ended , and he returned to Career Academy for help once more .', trigger_loc=47, frame='Process_end'), frame_element_locs=[(0, 41, 'Process'), (42, 46, 'Time')]),
    FrameClassificationSample(task=FrameClassificationTask(text='The seasonal construction job he obtained soon ended , and he returned to Career Academy for help once more .', trigger_loc=62), frame='Arriving'),
    ArgumentsExtractionSample(task=ArgumentsExtractionTask(text='The seasonal construction job he obtained soon ended , and he returned to Career Academy for help once more .', trigger_loc=62, frame='Arriving'), frame_element_locs=[(59, 61, 'Theme'), (71, 88, 'Goal'), (89, 97, 'Purpose'), (98, 107, 'Frequency')]),
    FrameClassificationSample(task=FrameClassificationTask(text='The seasonal construction job he obtained soon ended , and he returned to Career Academy for help once more .', trigger_loc=93), frame='Assistance'),
    ArgumentsExtractionSample(task=ArgumentsExtractionTask(text='The seasonal construction job he obtained soon ended , and he returned to Career Academy for help once more .', trigger_loc=93, frame='Assistance'), frame_element_locs=[]),
    TriggerIdentificationSample(task=TriggerIdentificationTask(text='The seasonal construction job he obtained soon ended , and he returned to Career Academy for help once more .'), trigger_locs=[13, 26, 33, 47, 62, 93]),
    FrameClassificationSample(task=FrameClassificationTask(text='Unemployed , homeless and with a prison record , Jerry now faced going back to prison for failure to pay child support .', trigger_loc=0), frame='Being_employed'),
    ArgumentsExtractionSample(task=ArgumentsExtractionTask(text='Unemployed , homeless and with a prison record , Jerry now faced going back to prison for failure to pay child support .', trigger_loc=0, frame='Being_employed'), frame_element_locs=[]),
    FrameClassificationSample(task=FrameClassificationTask(text='Unemployed , homeless and with a prison record , Jerry now faced going back to prison for failure to pay child support .', trigger_loc=33), frame='Prison'),
    ArgumentsExtractionSample(task=ArgumentsExtractionTask(text='Unemployed , homeless and with a prison record , Jerry now faced going back to prison for failure to pay child support .', trigger_loc=33, frame='Prison'), frame_element_locs=[(33, 39, 'Penal_institution')]),
    FrameClassificationSample(task=FrameClassificationTask(text='Unemployed , homeless and with a prison record , Jerry now faced going back to prison for failure to pay child support .', trigger_loc=55), frame='Temporal_collocation'),
    ArgumentsExtractionSample(task=ArgumentsExtractionTask(text='Unemployed , homeless and with a prison record , Jerry now faced going back to prison for failure to pay child support .', trigger_loc=55, frame='Temporal_collocation'), frame_element_locs=[(49, 54, 'Trajector_event'), (59, 85, 'Trajector_event')]),
    FrameClassificationSample(task=FrameClassificationTask(text='Unemployed , homeless and with a prison record , Jerry now faced going back to prison for failure to pay child support .', trigger_loc=65), frame='Motion'),
    ArgumentsExtractionSample(task=ArgumentsExtractionTask(text='Unemployed , homeless and with a prison record , Jerry now faced going back to prison for failure to pay child support .', trigger_loc=65, frame='Motion'), frame_element_locs=[(49, 54, 'Theme'), (55, 58, 'Time'), (71, 75, 'Direction'), (76, 85, 'Goal')]),
    FrameClassificationSample(task=FrameClassificationTask(text='Unemployed , homeless and with a prison record , Jerry now faced going back to prison for failure to pay child support .', trigger_loc=79), frame='Prison'),
    ArgumentsExtractionSample(task=ArgumentsExtractionTask(text='Unemployed , homeless and with a prison record , Jerry now faced going back to prison for failure to pay child support .', trigger_loc=79, frame='Prison'), frame_element_locs=[(79, 85, 'Penal_institution')]),
    FrameClassificationSample(task=FrameClassificationTask(text='Unemployed , homeless and with a prison record , Jerry now faced going back to prison for failure to pay child support .', trigger_loc=90), frame='Success_or_failure'),
    ArgumentsExtractionSample(task=ArgumentsExtractionTask(text='Unemployed , homeless and with a prison record , Jerry now faced going back to prison for failure to pay child support .', trigger_loc=90, frame='Success_or_failure'), frame_element_locs=[(98, 118, 'Goal')]),
    TriggerIdentificationSample(task=TriggerIdentificationTask(text='Unemployed , homeless and with a prison record , Jerry now faced going back to prison for failure to pay child support .'), trigger_locs=[0, 33, 55, 65, 79, 90]),
    FrameClassificationSample(task=FrameClassificationTask(text="It took some time and hard work , but with the help of Goodwill , Jerry was able to work out a payment plan with the prosecutor 's office , find housing and conduct a more thorough job search .", trigger_loc=8), frame='Proportional_quantity'),
    ArgumentsExtractionSample(task=ArgumentsExtractionTask(text="It took some time and hard work , but with the help of Goodwill , Jerry was able to work out a payment plan with the prosecutor 's office , find housing and conduct a more thorough job search .", trigger_loc=8, frame='Proportional_quantity'), frame_element_locs=[(8, 12, 'Denoted_quantity'), (13, 17, 'Mass')]),
    FrameClassificationSample(task=FrameClassificationTask(text="It took some time and hard work , but with the help of Goodwill , Jerry was able to work out a payment plan with the prosecutor 's office , find housing and conduct a more thorough job search .", trigger_loc=27), frame='Work'),
    ArgumentsExtractionSample(task=ArgumentsExtractionTask(text="It took some time and hard work , but with the help of Goodwill , Jerry was able to work out a payment plan with the prosecutor 's office , find housing and conduct a more thorough job search .", trigger_loc=27, frame='Work'), frame_element_locs=[]),
    FrameClassificationSample(task=FrameClassificationTask(text="It took some time and hard work , but with the help of Goodwill , Jerry was able to work out a payment plan with the prosecutor 's office , find housing and conduct a more thorough job search .", trigger_loc=47), frame='Assistance'),
    ArgumentsExtractionSample(task=ArgumentsExtractionTask(text="It took some time and hard work , but with the help of Goodwill , Jerry was able to work out a payment plan with the prosecutor 's office , find housing and conduct a more thorough job search .", trigger_loc=47, frame='Assistance'), frame_element_locs=[(52, 63, 'Helper')]),
    FrameClassificationSample(task=FrameClassificationTask(text="It took some time and hard work , but with the help of Goodwill , Jerry was able to work out a payment plan with the prosecutor 's office , find housing and conduct a more thorough job search .", trigger_loc=76), frame='Capability'),
    ArgumentsExtractionSample(task=ArgumentsExtractionTask(text="It took some time and hard work , but with the help of Goodwill , Jerry was able to work out a payment plan with the prosecutor 's office , find housing and conduct a more thorough job search .", trigger_loc=76, frame='Capability'), frame_element_locs=[(66, 71, 'Entity'), (81, 191, 'Event')]),
    FrameClassificationSample(task=FrameClassificationTask(text="It took some time and hard work , but with the help of Goodwill , Jerry was able to work out a payment plan with the prosecutor 's office , find housing and conduct a more thorough job search .", trigger_loc=103), frame='Project'),
    ArgumentsExtractionSample(task=ArgumentsExtractionTask(text="It took some time and hard work , but with the help of Goodwill , Jerry was able to work out a payment plan with the prosecutor 's office , find housing and conduct a more thorough job search .", trigger_loc=103, frame='Project'), frame_element_locs=[(66, 71, 'Agent'), (95, 102, 'Goal')]),
    FrameClassificationSample(task=FrameClassificationTask(text="It took some time and hard work , but with the help of Goodwill , Jerry was able to work out a payment plan with the prosecutor 's office , find housing and conduct a more thorough job search .", trigger_loc=140), frame='Locating'),
    ArgumentsExtractionSample(task=ArgumentsExtractionTask(text="It took some time and hard work , but with the help of Goodwill , Jerry was able to work out a payment plan with the prosecutor 's office , find housing and conduct a more thorough job search .", trigger_loc=140, frame='Locating'), frame_element_locs=[(66, 71, 'Perceiver'), (145, 152, 'Sought_entity')]),
    FrameClassificationSample(task=FrameClassificationTask(text="It took some time and hard work , but with the help of Goodwill , Jerry was able to work out a payment plan with the prosecutor 's office , find housing and conduct a more thorough job search .", trigger_loc=145), frame='Buildings'),
    ArgumentsExtractionSample(task=ArgumentsExtractionTask(text="It took some time and hard work , but with the help of Goodwill , Jerry was able to work out a payment plan with the prosecutor 's office , find housing and conduct a more thorough job search .", trigger_loc=145, frame='Buildings'), frame_element_locs=[(145, 152, 'Building')]),
    FrameClassificationSample(task=FrameClassificationTask(text="It took some time and hard work , but with the help of Goodwill , Jerry was able to work out a payment plan with the prosecutor 's office , find housing and conduct a more thorough job search .", trigger_loc=157), frame='Intentionally_act'),
    ArgumentsExtractionSample(task=ArgumentsExtractionTask(text="It took some time and hard work , but with the help of Goodwill , Jerry was able to work out a payment plan with the prosecutor 's office , find housing and conduct a more thorough job search .", trigger_loc=157, frame='Intentionally_act'), frame_element_locs=[(66, 71, 'Agent'), (165, 191, 'Act')]),
    FrameClassificationSample(task=FrameClassificationTask(text="It took some time and hard work , but with the help of Goodwill , Jerry was able to work out a payment plan with the prosecutor 's office , find housing and conduct a more thorough job search .", trigger_loc=181), frame='Being_employed'),
    ArgumentsExtractionSample(task=ArgumentsExtractionTask(text="It took some time and hard work , but with the help of Goodwill , Jerry was able to work out a payment plan with the prosecutor 's office , find housing and conduct a more thorough job search .", trigger_loc=181, frame='Being_employed'), frame_element_locs=[(181, 184, 'Position')]),
    FrameClassificationSample(task=FrameClassificationTask(text="It took some time and hard work , but with the help of Goodwill , Jerry was able to work out a payment plan with the prosecutor 's office , find housing and conduct a more thorough job search .", trigger_loc=3), frame='Have_as_requirement'),
    ArgumentsExtractionSample(task=ArgumentsExtractionTask(text="It took some time and hard work , but with the help of Goodwill , Jerry was able to work out a payment plan with the prosecutor 's office , find housing and conduct a more thorough job search .", trigger_loc=3, frame='Have_as_requirement'), frame_element_locs=[(0, 2, 'Dependent'), (8, 31, 'Requirement')]),
    TriggerIdentificationSample(task=TriggerIdentificationTask(text="It took some time and hard work , but with the help of Goodwill , Jerry was able to work out a payment plan with the prosecutor 's office , find housing and conduct a more thorough job search ."), trigger_locs=[8, 27, 47, 76, 103, 140, 145, 157, 181, 3]),
    FrameClassificationSample(task=FrameClassificationTask(text='With unemployment at its lowest point in years in central Indiana , many people still have a hard time finding meaningful employment .', trigger_loc=5), frame='Unemployment_rate'),
    ArgumentsExtractionSample(task=ArgumentsExtractionTask(text='With unemployment at its lowest point in years in central Indiana , many people still have a hard time finding meaningful employment .', trigger_loc=5, frame='Unemployment_rate'), frame_element_locs=[(5, 17, 'Employment'), (18, 46, 'Value'), (47, 65, 'Place')]),
    FrameClassificationSample(task=FrameClassificationTask(text='With unemployment at its lowest point in years in central Indiana , many people still have a hard time finding meaningful employment .', trigger_loc=25), frame='Position_on_a_scale'),
    ArgumentsExtractionSample(task=ArgumentsExtractionTask(text='With unemployment at its lowest point in years in central Indiana , many people still have a hard time finding meaningful employment .', trigger_loc=25, frame='Position_on_a_scale'), frame_element_locs=[(25, 31, 'Value'), (32, 37, 'Item')]),
    FrameClassificationSample(task=FrameClassificationTask(text='With unemployment at its lowest point in years in central Indiana , many people still have a hard time finding meaningful employment .', trigger_loc=41), frame='Measure_duration'),
    ArgumentsExtractionSample(task=ArgumentsExtractionTask(text='With unemployment at its lowest point in years in central Indiana , many people still have a hard time finding meaningful employment .', trigger_loc=41, frame='Measure_duration'), frame_element_locs=[(41, 46, 'Unit')]),
    FrameClassificationSample(task=FrameClassificationTask(text='With unemployment at its lowest point in years in central Indiana , many people still have a hard time finding meaningful employment .', trigger_loc=47), frame='Interior_profile_relation'),
    ArgumentsExtractionSample(task=ArgumentsExtractionTask(text='With unemployment at its lowest point in years in central Indiana , many people still have a hard time finding meaningful employment .', trigger_loc=47, frame='Interior_profile_relation'), frame_element_locs=[(5, 46, 'Figure'), (50, 65, 'Ground')]),
    FrameClassificationSample(task=FrameClassificationTask(text='With unemployment at its lowest point in years in central Indiana , many people still have a hard time finding meaningful employment .', trigger_loc=68), frame='Quantified_mass'),
    ArgumentsExtractionSample(task=ArgumentsExtractionTask(text='With unemployment at its lowest point in years in central Indiana , many people still have a hard time finding meaningful employment .', trigger_loc=68, frame='Quantified_mass'), frame_element_locs=[(68, 72, 'Quantity'), (73, 79, 'Individuals')]),
    FrameClassificationSample(task=FrameClassificationTask(text='With unemployment at its lowest point in years in central Indiana , many people still have a hard time finding meaningful employment .', trigger_loc=73), frame='People'),
    ArgumentsExtractionSample(task=ArgumentsExtractionTask(text='With unemployment at its lowest point in years in central Indiana , many people still have a hard time finding meaningful employment .', trigger_loc=73, frame='People'), frame_element_locs=[(73, 79, 'Person')]),
    FrameClassificationSample(task=FrameClassificationTask(text='With unemployment at its lowest point in years in central Indiana , many people still have a hard time finding meaningful employment .', trigger_loc=80), frame='Continued_state_of_affairs'),
    ArgumentsExtractionSample(task=ArgumentsExtractionTask(text='With unemployment at its lowest point in years in central Indiana , many people still have a hard time finding meaningful employment .', trigger_loc=80, frame='Continued_state_of_affairs'), frame_element_locs=[(68, 79, 'State_of_affairs'), (80, 85, 'Reference_occasion'), (86, 132, 'State_of_affairs')]),
    FrameClassificationSample(task=FrameClassificationTask(text='With unemployment at its lowest point in years in central Indiana , many people still have a hard time finding meaningful employment .', trigger_loc=86), frame='Possession'),
    ArgumentsExtractionSample(task=ArgumentsExtractionTask(text='With unemployment at its lowest point in years in central Indiana , many people still have a hard time finding meaningful employment .', trigger_loc=86, frame='Possession'), frame_element_locs=[(68, 79, 'Owner'), (80, 85, 'Time'), (91, 132, 'Possession')]),
    FrameClassificationSample(task=FrameClassificationTask(text='With unemployment at its lowest point in years in central Indiana , many people still have a hard time finding meaningful employment .', trigger_loc=93), frame='Difficulty'),
    ArgumentsExtractionSample(task=ArgumentsExtractionTask(text='With unemployment at its lowest point in years in central Indiana , many people still have a hard time finding meaningful employment .', trigger_loc=93, frame='Difficulty'), frame_element_locs=[(68, 79, 'Experiencer'), (98, 132, 'Activity')]),
    FrameClassificationSample(task=FrameClassificationTask(text='With unemployment at its lowest point in years in central Indiana , many people still have a hard time finding meaningful employment .', trigger_loc=103), frame='Locating'),
    ArgumentsExtractionSample(task=ArgumentsExtractionTask(text='With unemployment at its lowest point in years in central Indiana , many people still have a hard time finding meaningful employment .', trigger_loc=103, frame='Locating'), frame_element_locs=[(111, 132, 'Sought_entity')]),
    FrameClassificationSample(task=FrameClassificationTask(text='With unemployment at its lowest point in years in central Indiana , many people still have a hard time finding meaningful employment .', trigger_loc=122), frame='Being_employed'),
    ArgumentsExtractionSample(task=ArgumentsExtractionTask(text='With unemployment at its lowest point in years in central Indiana , many people still have a hard time finding meaningful employment .', trigger_loc=122, frame='Being_employed'), frame_element_locs=[]),
    TriggerIdentificationSample(task=TriggerIdentificationTask(text='With unemployment at its lowest point in years in central Indiana , many people still have a hard time finding meaningful employment .'), trigger_locs=[5, 25, 41, 47, 68, 73, 80, 86, 93, 103, 122]),
    FrameClassificationSample(task=FrameClassificationTask(text='Of the more than 42,000 people Goodwill served in 1999 , over 5,000 of them have multiple barriers to finding and keeping a job .', trigger_loc=7), frame='Increment'),
    ArgumentsExtractionSample(task=ArgumentsExtractionTask(text='Of the more than 42,000 people Goodwill served in 1999 , over 5,000 of them have multiple barriers to finding and keeping a job .', trigger_loc=7, frame='Increment'), frame_element_locs=[(12, 54, 'Class')]),
    FrameClassificationSample(task=FrameClassificationTask(text='Of the more than 42,000 people Goodwill served in 1999 , over 5,000 of them have multiple barriers to finding and keeping a job .', trigger_loc=24), frame='People'),
    ArgumentsExtractionSample(task=ArgumentsExtractionTask(text='Of the more than 42,000 people Goodwill served in 1999 , over 5,000 of them have multiple barriers to finding and keeping a job .', trigger_loc=24, frame='People'), frame_element_locs=[(24, 30, 'Person'), (31, 54, 'Descriptor')]),
    FrameClassificationSample(task=FrameClassificationTask(text='Of the more than 42,000 people Goodwill served in 1999 , over 5,000 of them have multiple barriers to finding and keeping a job .', trigger_loc=40), frame='Assistance'),
    ArgumentsExtractionSample(task=ArgumentsExtractionTask(text='Of the more than 42,000 people Goodwill served in 1999 , over 5,000 of them have multiple barriers to finding and keeping a job .', trigger_loc=40, frame='Assistance'), frame_element_locs=[(3, 30, 'Benefited_party'), (31, 39, 'Helper'), (47, 54, 'Time')]),
    FrameClassificationSample(task=FrameClassificationTask(text='Of the more than 42,000 people Goodwill served in 1999 , over 5,000 of them have multiple barriers to finding and keeping a job .', trigger_loc=47), frame='Temporal_collocation'),
    ArgumentsExtractionSample(task=ArgumentsExtractionTask(text='Of the more than 42,000 people Goodwill served in 1999 , over 5,000 of them have multiple barriers to finding and keeping a job .', trigger_loc=47, frame='Temporal_collocation'), frame_element_locs=[(3, 46, 'Trajector_event'), (50, 54, 'Landmark_period')]),
    FrameClassificationSample(task=FrameClassificationTask(text='Of the more than 42,000 people Goodwill served in 1999 , over 5,000 of them have multiple barriers to finding and keeping a job .', trigger_loc=57), frame='Proportional_quantity'),
    ArgumentsExtractionSample(task=ArgumentsExtractionTask(text='Of the more than 42,000 people Goodwill served in 1999 , over 5,000 of them have multiple barriers to finding and keeping a job .', trigger_loc=57, frame='Proportional_quantity'), frame_element_locs=[(57, 61, 'Denoted_quantity'), (62, 75, 'Individuals')]),
    FrameClassificationSample(task=FrameClassificationTask(text='Of the more than 42,000 people Goodwill served in 1999 , over 5,000 of them have multiple barriers to finding and keeping a job .', trigger_loc=76), frame='Possession'),
    ArgumentsExtractionSample(task=ArgumentsExtractionTask(text='Of the more than 42,000 people Goodwill served in 1999 , over 5,000 of them have multiple barriers to finding and keeping a job .', trigger_loc=76, frame='Possession'), frame_element_locs=[(57, 75, 'Owner'), (81, 127, 'Possession')]),
    FrameClassificationSample(task=FrameClassificationTask(text='Of the more than 42,000 people Goodwill served in 1999 , over 5,000 of them have multiple barriers to finding and keeping a job .', trigger_loc=81), frame='Quantified_mass'),
    ArgumentsExtractionSample(task=ArgumentsExtractionTask(text='Of the more than 42,000 people Goodwill served in 1999 , over 5,000 of them have multiple barriers to finding and keeping a job .', trigger_loc=81, frame='Quantified_mass'), frame_element_locs=[(81, 89, 'Quantity'), (90, 127, 'Individuals')]),
    FrameClassificationSample(task=FrameClassificationTask(text='Of the more than 42,000 people Goodwill served in 1999 , over 5,000 of them have multiple barriers to finding and keeping a job .', trigger_loc=102), frame='Locating'),
    ArgumentsExtractionSample(task=ArgumentsExtractionTask(text='Of the more than 42,000 people Goodwill served in 1999 , over 5,000 of them have multiple barriers to finding and keeping a job .', trigger_loc=102, frame='Locating'), frame_element_locs=[(122, 127, 'Sought_entity')]),
    FrameClassificationSample(task=FrameClassificationTask(text='Of the more than 42,000 people Goodwill served in 1999 , over 5,000 of them have multiple barriers to finding and keeping a job .', trigger_loc=114), frame='Activity_ongoing'),
    ArgumentsExtractionSample(task=ArgumentsExtractionTask(text='Of the more than 42,000 people Goodwill served in 1999 , over 5,000 of them have multiple barriers to finding and keeping a job .', trigger_loc=114, frame='Activity_ongoing'), frame_element_locs=[(122, 127, 'Activity')]),
    FrameClassificationSample(task=FrameClassificationTask(text='Of the more than 42,000 people Goodwill served in 1999 , over 5,000 of them have multiple barriers to finding and keeping a job .', trigger_loc=124), frame='Being_employed'),
    ArgumentsExtractionSample(task=ArgumentsExtractionTask(text='Of the more than 42,000 people Goodwill served in 1999 , over 5,000 of them have multiple barriers to finding and keeping a job .', trigger_loc=124, frame='Being_employed'), frame_element_locs=[]),
    FrameClassificationSample(task=FrameClassificationTask(text='Of the more than 42,000 people Goodwill served in 1999 , over 5,000 of them have multiple barriers to finding and keeping a job .', trigger_loc=68), frame='Partitive'),
    ArgumentsExtractionSample(task=ArgumentsExtractionTask(text='Of the more than 42,000 people Goodwill served in 1999 , over 5,000 of them have multiple barriers to finding and keeping a job .', trigger_loc=68, frame='Partitive'), frame_element_locs=[(57, 67, 'Subset'), (71, 75, 'Group')]),
    FrameClassificationSample(task=FrameClassificationTask(text='Of the more than 42,000 people Goodwill served in 1999 , over 5,000 of them have multiple barriers to finding and keeping a job .', trigger_loc=0), frame='Partitive'),
    ArgumentsExtractionSample(task=ArgumentsExtractionTask(text='Of the more than 42,000 people Goodwill served in 1999 , over 5,000 of them have multiple barriers to finding and keeping a job .', trigger_loc=0, frame='Partitive'), frame_element_locs=[(3, 54, 'Group')]),
    TriggerIdentificationSample(task=TriggerIdentificationTask(text='Of the more than 42,000 people Goodwill served in 1999 , over 5,000 of them have multiple barriers to finding and keeping a job .'), trigger_locs=[7, 24, 40, 47, 57, 76, 81, 102, 114, 124, 68, 0]),
    FrameClassificationSample(task=FrameClassificationTask(text='Some , like Jerry , are ex - offenders .', trigger_loc=0), frame='Proportional_quantity'),
    ArgumentsExtractionSample(task=ArgumentsExtractionTask(text='Some , like Jerry , are ex - offenders .', trigger_loc=0, frame='Proportional_quantity'), frame_element_locs=[(0, 4, 'Denoted_quantity')]),
    TriggerIdentificationSample(task=TriggerIdentificationTask(text='Some , like Jerry , are ex - offenders .'), trigger_locs=[0]),
    FrameClassificationSample(task=FrameClassificationTask(text='Some are blind , deaf or have other physical disabilities .', trigger_loc=0), frame='Proportional_quantity'),
    ArgumentsExtractionSample(task=ArgumentsExtractionTask(text='Some are blind , deaf or have other physical disabilities .', trigger_loc=0, frame='Proportional_quantity'), frame_element_locs=[(0, 4, 'Denoted_quantity')]),
    FrameClassificationSample(task=FrameClassificationTask(text='Some are blind , deaf or have other physical disabilities .', trigger_loc=30), frame='Increment'),
    ArgumentsExtractionSample(task=ArgumentsExtractionTask(text='Some are blind , deaf or have other physical disabilities .', trigger_loc=30, frame='Increment'), frame_element_locs=[(36, 57, 'Class')]),
    TriggerIdentificationSample(task=TriggerIdentificationTask(text='Some are blind , deaf or have other physical disabilities .'), trigger_locs=[0, 30]),
    FrameClassificationSample(task=FrameClassificationTask(text='More than 100 were homeless .', trigger_loc=0), frame='Increment'),
    ArgumentsExtractionSample(task=ArgumentsExtractionTask(text='More than 100 were homeless .', trigger_loc=0, frame='Increment'), frame_element_locs=[(5, 13, 'Class')]),
    FrameClassificationSample(task=FrameClassificationTask(text='More than 100 were homeless .', trigger_loc=10), frame='Cardinal_numbers'),
    ArgumentsExtractionSample(task=ArgumentsExtractionTask(text='More than 100 were homeless .', trigger_loc=10, frame='Cardinal_numbers'), frame_element_locs=[(10, 13, 'Number')]),
    TriggerIdentificationSample(task=TriggerIdentificationTask(text='More than 100 were homeless .'), trigger_locs=[0, 10]),
    FrameClassificationSample(task=FrameClassificationTask(text='But Goodwill offers hope even to people with numerous obstacles to overcome , like Jerry .', trigger_loc=33), frame='People'),
    ArgumentsExtractionSample(task=ArgumentsExtractionTask(text='But Goodwill offers hope even to people with numerous obstacles to overcome , like Jerry .', trigger_loc=33, frame='People'), frame_element_locs=[(33, 39, 'Person'), (40, 75, 'Descriptor')]),
    FrameClassificationSample(task=FrameClassificationTask(text='But Goodwill offers hope even to people with numerous obstacles to overcome , like Jerry .', trigger_loc=45), frame='Quantified_mass'),
    ArgumentsExtractionSample(task=ArgumentsExtractionTask(text='But Goodwill offers hope even to people with numerous obstacles to overcome , like Jerry .', trigger_loc=45, frame='Quantified_mass'), frame_element_locs=[(45, 53, 'Quantity'), (54, 75, 'Individuals')]),
    FrameClassificationSample(task=FrameClassificationTask(text='But Goodwill offers hope even to people with numerous obstacles to overcome , like Jerry .', trigger_loc=78), frame='Similarity'),
    ArgumentsExtractionSample(task=ArgumentsExtractionTask(text='But Goodwill offers hope even to people with numerous obstacles to overcome , like Jerry .', trigger_loc=78, frame='Similarity'), frame_element_locs=[(33, 75, 'Entity_1'), (83, 88, 'Entity_2')]),
    TriggerIdentificationSample(task=TriggerIdentificationTask(text='But Goodwill offers hope even to people with numerous obstacles to overcome , like Jerry .'), trigger_locs=[33, 45, 78]),
    FrameClassificationSample(task=FrameClassificationTask(text='With a promising new job at a plastic injection molding manufacturer , his legal troubles in check and a safe place to live , Jerry can get on with the business of building a life for himself and contributing to his community .', trigger_loc=7), frame='Omen'),
    ArgumentsExtractionSample(task=ArgumentsExtractionTask(text='With a promising new job at a plastic injection molding manufacturer , his legal troubles in check and a safe place to live , Jerry can get on with the business of building a life for himself and contributing to his community .', trigger_loc=7, frame='Omen'), frame_element_locs=[(17, 68, 'Predictive_phenomenon')]),
    FrameClassificationSample(task=FrameClassificationTask(text='With a promising new job at a plastic injection molding manufacturer , his legal troubles in check and a safe place to live , Jerry can get on with the business of building a life for himself and contributing to his community .', trigger_loc=17), frame='Age'),
    ArgumentsExtractionSample(task=ArgumentsExtractionTask(text='With a promising new job at a plastic injection molding manufacturer , his legal troubles in check and a safe place to live , Jerry can get on with the business of building a life for himself and contributing to his community .', trigger_loc=17, frame='Age'), frame_element_locs=[(17, 20, 'Age'), (21, 68, 'Entity')]),
    FrameClassificationSample(task=FrameClassificationTask(text='With a promising new job at a plastic injection molding manufacturer , his legal troubles in check and a safe place to live , Jerry can get on with the business of building a life for himself and contributing to his community .', trigger_loc=21), frame='Being_employed'),
    ArgumentsExtractionSample(task=ArgumentsExtractionTask(text='With a promising new job at a plastic injection molding manufacturer , his legal troubles in check and a safe place to live , Jerry can get on with the business of building a life for himself and contributing to his community .', trigger_loc=21, frame='Being_employed'), frame_element_locs=[(17, 20, 'Type'), (25, 68, 'Employer')]),
    FrameClassificationSample(task=FrameClassificationTask(text='With a promising new job at a plastic injection molding manufacturer , his legal troubles in check and a safe place to live , Jerry can get on with the business of building a life for himself and contributing to his community .', trigger_loc=25), frame='Locative_relation'),
    ArgumentsExtractionSample(task=ArgumentsExtractionTask(text='With a promising new job at a plastic injection molding manufacturer , his legal troubles in check and a safe place to live , Jerry can get on with the business of building a life for himself and contributing to his community .', trigger_loc=25, frame='Locative_relation'), frame_element_locs=[(5, 24, 'Figure'), (28, 68, 'Ground')]),
    FrameClassificationSample(task=FrameClassificationTask(text='With a promising new job at a plastic injection molding manufacturer , his legal troubles in check and a safe place to live , Jerry can get on with the business of building a life for himself and contributing to his community .', trigger_loc=56), frame='Manufacturing'),
    ArgumentsExtractionSample(task=ArgumentsExtractionTask(text='With a promising new job at a plastic injection molding manufacturer , his legal troubles in check and a safe place to live , Jerry can get on with the business of building a life for himself and contributing to his community .', trigger_loc=56, frame='Manufacturing'), frame_element_locs=[(30, 55, 'Product'), (56, 68, 'Producer')]),
    FrameClassificationSample(task=FrameClassificationTask(text='With a promising new job at a plastic injection molding manufacturer , his legal troubles in check and a safe place to live , Jerry can get on with the business of building a life for himself and contributing to his community .', trigger_loc=81), frame='Predicament'),
    ArgumentsExtractionSample(task=ArgumentsExtractionTask(text='With a promising new job at a plastic injection molding manufacturer , his legal troubles in check and a safe place to live , Jerry can get on with the business of building a life for himself and contributing to his community .', trigger_loc=81, frame='Predicament'), frame_element_locs=[(71, 74, 'Experiencer'), (75, 80, 'Domain')]),
    FrameClassificationSample(task=FrameClassificationTask(text='With a promising new job at a plastic injection molding manufacturer , his legal troubles in check and a safe place to live , Jerry can get on with the business of building a life for himself and contributing to his community .', trigger_loc=105), frame='Being_at_risk'),
    ArgumentsExtractionSample(task=ArgumentsExtractionTask(text='With a promising new job at a plastic injection molding manufacturer , his legal troubles in check and a safe place to live , Jerry can get on with the business of building a life for himself and contributing to his community .', trigger_loc=105, frame='Being_at_risk'), frame_element_locs=[(110, 123, 'Asset')]),
    FrameClassificationSample(task=FrameClassificationTask(text='With a promising new job at a plastic injection molding manufacturer , his legal troubles in check and a safe place to live , Jerry can get on with the business of building a life for himself and contributing to his community .', trigger_loc=110), frame='Locale'),
    ArgumentsExtractionSample(task=ArgumentsExtractionTask(text='With a promising new job at a plastic injection molding manufacturer , his legal troubles in check and a safe place to live , Jerry can get on with the business of building a life for himself and contributing to his community .', trigger_loc=110, frame='Locale'), frame_element_locs=[(110, 115, 'Locale')]),
    FrameClassificationSample(task=FrameClassificationTask(text='With a promising new job at a plastic injection molding manufacturer , his legal troubles in check and a safe place to live , Jerry can get on with the business of building a life for himself and contributing to his community .', trigger_loc=119), frame='Residence'),
    ArgumentsExtractionSample(task=ArgumentsExtractionTask(text='With a promising new job at a plastic injection molding manufacturer , his legal troubles in check and a safe place to live , Jerry can get on with the business of building a life for himself and contributing to his community .', trigger_loc=119, frame='Residence'), frame_element_locs=[(103, 115, 'Location')]),
    FrameClassificationSample(task=FrameClassificationTask(text='With a promising new job at a plastic injection molding manufacturer , his legal troubles in check and a safe place to live , Jerry can get on with the business of building a life for himself and contributing to his community .', trigger_loc=132), frame='Capability'),
    ArgumentsExtractionSample(task=ArgumentsExtractionTask(text='With a promising new job at a plastic injection molding manufacturer , his legal troubles in check and a safe place to live , Jerry can get on with the business of building a life for himself and contributing to his community .', trigger_loc=132, frame='Capability'), frame_element_locs=[(126, 131, 'Entity'), (136, 225, 'Event')]),
    FrameClassificationSample(task=FrameClassificationTask(text='With a promising new job at a plastic injection molding manufacturer , his legal troubles in check and a safe place to live , Jerry can get on with the business of building a life for himself and contributing to his community .', trigger_loc=196), frame='Giving'),
    ArgumentsExtractionSample(task=ArgumentsExtractionTask(text='With a promising new job at a plastic injection molding manufacturer , his legal troubles in check and a safe place to live , Jerry can get on with the business of building a life for himself and contributing to his community .', trigger_loc=196, frame='Giving'), frame_element_locs=[(209, 225, 'Recipient')]),
    FrameClassificationSample(task=FrameClassificationTask(text='With a promising new job at a plastic injection molding manufacturer , his legal troubles in check and a safe place to live , Jerry can get on with the business of building a life for himself and contributing to his community .', trigger_loc=216), frame='Aggregate'),
    ArgumentsExtractionSample(task=ArgumentsExtractionTask(text='With a promising new job at a plastic injection molding manufacturer , his legal troubles in check and a safe place to live , Jerry can get on with the business of building a life for himself and contributing to his community .', trigger_loc=216, frame='Aggregate'), frame_element_locs=[(216, 225, 'Aggregate')]),
    TriggerIdentificationSample(task=TriggerIdentificationTask(text='With a promising new job at a plastic injection molding manufacturer , his legal troubles in check and a safe place to live , Jerry can get on with the business of building a life for himself and contributing to his community .'), trigger_locs=[7, 17, 21, 25, 56, 81, 105, 110, 119, 132, 196, 216]),
    FrameClassificationSample(task=FrameClassificationTask(text='For as long as he needs it , Goodwill will continue to help .', trigger_loc=43), frame='Activity_ongoing'),
    ArgumentsExtractionSample(task=ArgumentsExtractionTask(text='For as long as he needs it , Goodwill will continue to help .', trigger_loc=43, frame='Activity_ongoing'), frame_element_locs=[(29, 37, 'Agent'), (52, 59, 'Activity')]),
    FrameClassificationSample(task=FrameClassificationTask(text='For as long as he needs it , Goodwill will continue to help .', trigger_loc=55), frame='Assistance'),
    ArgumentsExtractionSample(task=ArgumentsExtractionTask(text='For as long as he needs it , Goodwill will continue to help .', trigger_loc=55, frame='Assistance'), frame_element_locs=[(29, 37, 'Helper')]),
    FrameClassificationSample(task=FrameClassificationTask(text='For as long as he needs it , Goodwill will continue to help .', trigger_loc=18), frame='Needing'),
    ArgumentsExtractionSample(task=ArgumentsExtractionTask(text='For as long as he needs it , Goodwill will continue to help .', trigger_loc=18, frame='Needing'), frame_element_locs=[(15, 17, 'Cognizer'), (24, 26, 'Requirement')]),
    TriggerIdentificationSample(task=TriggerIdentificationTask(text='For as long as he needs it , Goodwill will continue to help .'), trigger_locs=[43, 55, 18]),
    FrameClassificationSample(task=FrameClassificationTask(text='Your support of Goodwill will provide job training and placement services to help the hardest to serve in central Indiana find meaningful employment .', trigger_loc=30), frame='Supply'),
    ArgumentsExtractionSample(task=ArgumentsExtractionTask(text='Your support of Goodwill will provide job training and placement services to help the hardest to serve in central Indiana find meaningful employment .', trigger_loc=30, frame='Supply'), frame_element_locs=[(0, 24, 'Supplier'), (38, 148, 'Theme')]),
    FrameClassificationSample(task=FrameClassificationTask(text='Your support of Goodwill will provide job training and placement services to help the hardest to serve in central Indiana find meaningful employment .', trigger_loc=38), frame='Being_employed'),
    ArgumentsExtractionSample(task=ArgumentsExtractionTask(text='Your support of Goodwill will provide job training and placement services to help the hardest to serve in central Indiana find meaningful employment .', trigger_loc=38, frame='Being_employed'), frame_element_locs=[]),
    FrameClassificationSample(task=FrameClassificationTask(text='Your support of Goodwill will provide job training and placement services to help the hardest to serve in central Indiana find meaningful employment .', trigger_loc=42), frame='Education_teaching'),
    ArgumentsExtractionSample(task=ArgumentsExtractionTask(text='Your support of Goodwill will provide job training and placement services to help the hardest to serve in central Indiana find meaningful employment .', trigger_loc=42, frame='Education_teaching'), frame_element_locs=[(38, 41, 'Role')]),
    FrameClassificationSample(task=FrameClassificationTask(text='Your support of Goodwill will provide job training and placement services to help the hardest to serve in central Indiana find meaningful employment .', trigger_loc=65), frame='Public_services'),
    ArgumentsExtractionSample(task=ArgumentsExtractionTask(text='Your support of Goodwill will provide job training and placement services to help the hardest to serve in central Indiana find meaningful employment .', trigger_loc=65, frame='Public_services'), frame_element_locs=[]),
    FrameClassificationSample(task=FrameClassificationTask(text='Your support of Goodwill will provide job training and placement services to help the hardest to serve in central Indiana find meaningful employment .', trigger_loc=77), frame='Assistance'),
    ArgumentsExtractionSample(task=ArgumentsExtractionTask(text='Your support of Goodwill will provide job training and placement services to help the hardest to serve in central Indiana find meaningful employment .', trigger_loc=77, frame='Assistance'), frame_element_locs=[(82, 121, 'Benefited_party'), (122, 148, 'Goal')]),
    FrameClassificationSample(task=FrameClassificationTask(text='Your support of Goodwill will provide job training and placement services to help the hardest to serve in central Indiana find meaningful employment .', trigger_loc=97), frame='Assistance'),
    ArgumentsExtractionSample(task=ArgumentsExtractionTask(text='Your support of Goodwill will provide job training and placement services to help the hardest to serve in central Indiana find meaningful employment .', trigger_loc=97, frame='Assistance'), frame_element_locs=[]),
    FrameClassificationSample(task=FrameClassificationTask(text='Your support of Goodwill will provide job training and placement services to help the hardest to serve in central Indiana find meaningful employment .', trigger_loc=122), frame='Locating'),
    ArgumentsExtractionSample(task=ArgumentsExtractionTask(text='Your support of Goodwill will provide job training and placement services to help the hardest to serve in central Indiana find meaningful employment .', trigger_loc=122, frame='Locating'), frame_element_locs=[]),
    FrameClassificationSample(task=FrameClassificationTask(text='Your support of Goodwill will provide job training and placement services to help the hardest to serve in central Indiana find meaningful employment .', trigger_loc=138), frame='Being_employed'),
    ArgumentsExtractionSample(task=ArgumentsExtractionTask(text='Your support of Goodwill will provide job training and placement services to help the hardest to serve in central Indiana find meaningful employment .', trigger_loc=138, frame='Being_employed'), frame_element_locs=[]),
    TriggerIdentificationSample(task=TriggerIdentificationTask(text='Your support of Goodwill will provide job training and placement services to help the hardest to serve in central Indiana find meaningful employment .'), trigger_locs=[30, 38, 42, 65, 77, 97, 122, 138]),
  ])
# ---
