# name: test_basic_detect_frames_functionality
  DetectFramesResult(sentence="I'm getting quite hungry, but I can wait a bit longer.", trigger_locations=[4, 18, 36], frames=[FrameResult(name='Getting', trigger_location=4, frame_elements=[FrameElementResult(name='Recipient', text='I'), FrameElementResult(name='Theme', text='quite hungry')]), FrameResult(name='Biological_urge', trigger_location=18, frame_elements=[FrameElementResult(name='Experiencer', text='I'), FrameElementResult(name='Degree', text='quite')]), FrameResult(name='Waiting', trigger_location=36, frame_elements=[FrameElementResult(name='Protagonist', text='I'), FrameElementResult(name='Time', text='a bit longer')])])
# ---
